apps/editor/src/App.tsx(34,21): error TS2322: Type '{ gcode: string; machineSettings: MachineSettings; showToolhead: boolean; currentLine: number; isLightMode: boolean; }' is not assignable to type 'IntrinsicAttributes & GCodeVisualizerProps & RefAttributes<GCodeVisualizerHandle>'.
  Property 'gcode' does not exist on type 'IntrinsicAttributes & GCodeVisualizerProps & RefAttributes<GCodeVisualizerHandle>'.
apps/editor/src/renderer/components/GCodeVisualizer.tsx(4,10): error TS2305: Module '"@mycnc/shared"' has no exported member 'GCodePoint'.
apps/editor/src/renderer/services/gcodeValidator.ts(7,33): error TS2307: Cannot find module '../types' or its corresponding type declarations.
apps/editor/src/renderer/services/grblParser.ts(1,30): error TS2307: Cannot find module '@/types' or its corresponding type declarations.
apps/editor/src/renderer/services/serialService.ts(1,45): error TS2307: Cannot find module '@/types' or its corresponding type declarations.
apps/editor/src/renderer/services/serialService.ts(2,27): error TS2307: Cannot find module './simulators/Simulator' or its corresponding type declarations.
apps/editor/src/renderer/services/serialService.ts(104,21): error TS2339: Property 'electronAPI' does not exist on type 'Window & typeof globalThis'.
apps/editor/src/renderer/services/serialService.ts(109,20): error TS2339: Property 'electronAPI' does not exist on type 'Window & typeof globalThis'.
apps/editor/src/renderer/services/serialService.ts(109,43): error TS7006: Parameter 'data' implicitly has an 'any' type.
apps/editor/src/renderer/services/serialService.ts(115,20): error TS2339: Property 'electronAPI' does not exist on type 'Window & typeof globalThis'.
apps/editor/src/renderer/services/serialService.ts(115,44): error TS7006: Parameter 'error' implicitly has an 'any' type.
apps/editor/src/renderer/services/serialService.ts(119,20): error TS2339: Property 'electronAPI' does not exist on type 'Window & typeof globalThis'.
apps/editor/src/renderer/services/serialService.ts(123,44): error TS2339: Property 'electronAPI' does not exist on type 'Window & typeof globalThis'.
apps/editor/src/renderer/services/serialService.ts(143,36): error TS7006: Parameter 'data' implicitly has an 'any' type.
apps/editor/src/renderer/services/serialService.ts(156,27): error TS7006: Parameter 'line' implicitly has an 'any' type.
apps/editor/src/renderer/services/serialService.ts(180,64): error TS2339: Property 'electronAPI' does not exist on type 'Window & typeof globalThis'.
apps/editor/src/renderer/services/serialService.ts(181,24): error TS2339: Property 'electronAPI' does not exist on type 'Window & typeof globalThis'.
apps/editor/src/renderer/services/serialService.ts(241,60): error TS2339: Property 'electronAPI' does not exist on type 'Window & typeof globalThis'.
apps/editor/src/renderer/services/serialService.ts(243,24): error TS2339: Property 'electronAPI' does not exist on type 'Window & typeof globalThis'.
