
> mycnc.app@1.0.10 build
> electron-vite build 2\u003e\u00261

